// Jest Snapshot v1, https://goo.gl/fbAQLP

exports[`renders homepage unchanged 1`] = `
<div>
  <div
    class="grid min-h-screen grid-rows-[20px_1fr_20px] items-center justify-items-center gap-16 p-8 pb-20 font-[family-name:var(--font-geist-sans)] sm:p-20"
  >
    <main
      class="row-start-2 flex flex-col items-center gap-8 sm:items-start"
    >
      <img
        alt="Next.js logo"
        class="dark:invert"
        data-nimg="1"
        decoding="async"
        height="38"
        src="/next.svg"
        style="color: transparent;"
        width="180"
      />
      <ol
        class="list-inside list-decimal text-center font-[family-name:var(--font-geist-mono)] text-sm sm:text-left"
      >
        <li
          class="mb-2"
        >
          Get started by editing
           
          <code
            class="rounded bg-black/[.05] px-1 py-0.5 font-semibold dark:bg-white/[.06]"
          >
            src/app/page.tsx
          </code>
          .
        </li>
        <li>
          Save and see your changes instantly.
        </li>
      </ol>
      <div
        class="flex flex-col items-center gap-4 sm:flex-row"
      >
        <a
          class="flex h-10 items-center justify-center gap-2 rounded-full border border-solid border-transparent bg-foreground px-4 text-sm text-background transition-colors hover:bg-[#383838] dark:hover:bg-[#ccc] sm:h-12 sm:px-5 sm:text-base"
          href="https://vercel.com/new?utm_source=create-next-app&utm_medium=appdir-template-tw&utm_campaign=create-next-app"
          rel="noopener noreferrer"
          target="_blank"
        >
          <img
            alt="Vercel logomark"
            class="dark:invert"
            data-nimg="1"
            decoding="async"
            height="20"
            loading="lazy"
            src="/vercel.svg"
            style="color: transparent;"
            width="20"
          />
          Deploy now
        </a>
        <a
          class="flex h-10 items-center justify-center rounded-full border border-solid border-black/[.08] px-4 text-sm transition-colors hover:border-transparent hover:bg-[#f2f2f2] dark:border-white/[.145] dark:hover:bg-[#1a1a1a] sm:h-12 sm:min-w-44 sm:px-5 sm:text-base"
          href="https://nextjs.org/docs?utm_source=create-next-app&utm_medium=appdir-template-tw&utm_campaign=create-next-app"
          rel="noopener noreferrer"
          target="_blank"
        >
          Read our docs
        </a>
      </div>
    </main>
    <footer
      class="row-start-3 flex flex-wrap items-center justify-center gap-6"
    >
      <a
        class="flex items-center gap-2 hover:underline hover:underline-offset-4"
        href="https://nextjs.org/learn?utm_source=create-next-app&utm_medium=appdir-template-tw&utm_campaign=create-next-app"
        rel="noopener noreferrer"
        target="_blank"
      >
        <img
          alt="File icon"
          aria-hidden="true"
          data-nimg="1"
          decoding="async"
          height="16"
          loading="lazy"
          src="/file.svg"
          style="color: transparent;"
          width="16"
        />
        Learn
      </a>
      <a
        class="flex items-center gap-2 hover:underline hover:underline-offset-4"
        href="https://vercel.com/templates?framework=next.js&utm_source=create-next-app&utm_medium=appdir-template-tw&utm_campaign=create-next-app"
        rel="noopener noreferrer"
        target="_blank"
      >
        <img
          alt="Window icon"
          aria-hidden="true"
          data-nimg="1"
          decoding="async"
          height="16"
          loading="lazy"
          src="/window.svg"
          style="color: transparent;"
          width="16"
        />
        Examples
      </a>
      <a
        class="flex items-center gap-2 hover:underline hover:underline-offset-4"
        href="https://nextjs.org?utm_source=create-next-app&utm_medium=appdir-template-tw&utm_campaign=create-next-app"
        rel="noopener noreferrer"
        target="_blank"
      >
        <img
          alt="Globe icon"
          aria-hidden="true"
          data-nimg="1"
          decoding="async"
          height="16"
          loading="lazy"
          src="/globe.svg"
          style="color: transparent;"
          width="16"
        />
        Go to nextjs.org â†’
      </a>
    </footer>
  </div>
</div>
`;
